Archive member included to satisfy reference by file (symbol)

.pio\build\ch32v003f4p6_evt_r0\libcaf\libgoertzel.a(goertzel.o)
                              .pio\build\ch32v003f4p6_evt_r0\src\cw_decoder.o (symbol from plugin) (setSpeed(short))
.pio\build\ch32v003f4p6_evt_r0\lib572\libst7739.a(st7789.o)
                              .pio\build\ch32v003f4p6_evt_r0\src\main.o (symbol from plugin) (tft_init())
.pio\build\ch32v003f4p6_evt_r0\libfd8\libfix_fft.a(fix_fft.o)
                              .pio\build\ch32v003f4p6_evt_r0\src\frequencyDetector.o (symbol from plugin) (fix_fft(char*, char*, int, int))
c:/users/ooe/.platformio/packages/toolchain-riscv/bin/../lib/gcc/riscv-wch-elf/12.2.0/../../../../riscv-wch-elf/lib/rv32ec_xw/ilp32e\libc_nano.a(lib_a-strcat.o)
                              C:\Users\ooe\AppData\Local\Temp\cc03p75Q.ltrans0.ltrans.o (strcat)
C:\Users\ooe\.platformio\packages\framework-ch32v003fun\misc\libgcc.a(gedf2.o)
                              C:\Users\ooe\AppData\Local\Temp\cc03p75Q.ltrans0.ltrans.o (__gtdf2)
C:\Users\ooe\.platformio\packages\framework-ch32v003fun\misc\libgcc.a(ledf2.o)
                              C:\Users\ooe\AppData\Local\Temp\cc03p75Q.ltrans0.ltrans.o (__ltdf2)
C:\Users\ooe\.platformio\packages\framework-ch32v003fun\misc\libgcc.a(muldf3.o)
                              C:\Users\ooe\AppData\Local\Temp\cc03p75Q.ltrans0.ltrans.o (__muldf3)
C:\Users\ooe\.platformio\packages\framework-ch32v003fun\misc\libgcc.a(floatsidf.o)
                              C:\Users\ooe\AppData\Local\Temp\cc03p75Q.ltrans0.ltrans.o (__floatsidf)
C:\Users\ooe\.platformio\packages\framework-ch32v003fun\misc\libgcc.a(floatunsidf.o)
                              C:\Users\ooe\AppData\Local\Temp\cc03p75Q.ltrans0.ltrans.o (__floatunsidf)
C:\Users\ooe\.platformio\packages\framework-ch32v003fun\misc\libgcc.a(save-restore.o)
                              C:\Users\ooe\AppData\Local\Temp\cc03p75Q.ltrans0.ltrans.o (__riscv_save_2)
C:\Users\ooe\.platformio\packages\framework-ch32v003fun\misc\libgcc.a(muldi3.o)
                              C:\Users\ooe\AppData\Local\Temp\cc03p75Q.ltrans0.ltrans.o (__mulsi3)
C:\Users\ooe\.platformio\packages\framework-ch32v003fun\misc\libgcc.a(div.o)
                              C:\Users\ooe\AppData\Local\Temp\cc03p75Q.ltrans0.ltrans.o (__divsi3)
C:\Users\ooe\.platformio\packages\framework-ch32v003fun\misc\libgcc.a(_clzsi2.o)
                              C:\Users\ooe\.platformio\packages\framework-ch32v003fun\misc\libgcc.a(muldf3.o) (__clzsi2)
C:\Users\ooe\.platformio\packages\framework-ch32v003fun\misc\libgcc.a(_clz.o)
                              C:\Users\ooe\.platformio\packages\framework-ch32v003fun\misc\libgcc.a(_clzsi2.o) (__clz_tab)

Discarded input sections

 .text          0x0000000000000000        0x0 C:\Users\ooe\AppData\Local\Temp\cc03p75Q.ltrans0.ltrans.o
 .data          0x0000000000000000        0x0 C:\Users\ooe\AppData\Local\Temp\cc03p75Q.ltrans0.ltrans.o
 .bss           0x0000000000000000        0x0 C:\Users\ooe\AppData\Local\Temp\cc03p75Q.ltrans0.ltrans.o
 .text._write.constprop.0
                0x0000000000000000       0x2a C:\Users\ooe\AppData\Local\Temp\cc03p75Q.ltrans0.ltrans.o
 .text.__puts_uart
                0x0000000000000000       0x1c C:\Users\ooe\AppData\Local\Temp\cc03p75Q.ltrans0.ltrans.o
 .text.printf   0x0000000000000000       0x30 C:\Users\ooe\AppData\Local\Temp\cc03p75Q.ltrans0.ltrans.o
 .text.vprintf  0x0000000000000000       0x16 C:\Users\ooe\AppData\Local\Temp\cc03p75Q.ltrans0.ltrans.o
 .text.snprintf
                0x0000000000000000       0x1c C:\Users\ooe\AppData\Local\Temp\cc03p75Q.ltrans0.ltrans.o
 .text.sprintf  0x0000000000000000       0x26 C:\Users\ooe\AppData\Local\Temp\cc03p75Q.ltrans0.ltrans.o
 .text.strncpy  0x0000000000000000       0x1a C:\Users\ooe\AppData\Local\Temp\cc03p75Q.ltrans0.ltrans.o
 .text.strncmp  0x0000000000000000       0x2a C:\Users\ooe\AppData\Local\Temp\cc03p75Q.ltrans0.ltrans.o
 .text.strchr   0x0000000000000000       0x16 C:\Users\ooe\AppData\Local\Temp\cc03p75Q.ltrans0.ltrans.o
 .text.strrchr  0x0000000000000000       0x38 C:\Users\ooe\AppData\Local\Temp\cc03p75Q.ltrans0.ltrans.o
 .text.memcpy   0x0000000000000000       0x18 C:\Users\ooe\AppData\Local\Temp\cc03p75Q.ltrans0.ltrans.o
 .text.memcmp   0x0000000000000000       0x1c C:\Users\ooe\AppData\Local\Temp\cc03p75Q.ltrans0.ltrans.o
 .text.memmove  0x0000000000000000       0x5a C:\Users\ooe\AppData\Local\Temp\cc03p75Q.ltrans0.ltrans.o
 .text.memchr   0x0000000000000000       0x18 C:\Users\ooe\AppData\Local\Temp\cc03p75Q.ltrans0.ltrans.o
 .text.strnlen  0x0000000000000000       0x28 C:\Users\ooe\AppData\Local\Temp\cc03p75Q.ltrans0.ltrans.o
 .text.twoway_strstr
                0x0000000000000000      0x226 C:\Users\ooe\AppData\Local\Temp\cc03p75Q.ltrans0.ltrans.o
 .text.strstr   0x0000000000000000      0x148 C:\Users\ooe\AppData\Local\Temp\cc03p75Q.ltrans0.ltrans.o
 .rodata.puts.str1.4
                0x0000000000000000        0x2 C:\Users\ooe\AppData\Local\Temp\cc03p75Q.ltrans0.ltrans.o
 .text.puts     0x0000000000000000       0x3e C:\Users\ooe\AppData\Local\Temp\cc03p75Q.ltrans0.ltrans.o
 .text.setjmp   0x0000000000000000       0x10 C:\Users\ooe\AppData\Local\Temp\cc03p75Q.ltrans0.ltrans.o
 .text.longjmp  0x0000000000000000       0x14 C:\Users\ooe\AppData\Local\Temp\cc03p75Q.ltrans0.ltrans.o
 .data.APBAHBPrescTable
                0x0000000000000000       0x10 C:\Users\ooe\AppData\Local\Temp\cc03p75Q.ltrans0.ltrans.o
 .data.ADCPrescTable
                0x0000000000000000       0x14 C:\Users\ooe\AppData\Local\Temp\cc03p75Q.ltrans0.ltrans.o
 .data._ZL16APBAHBPrescTable.lto_priv.0
                0x0000000000000000       0x10 C:\Users\ooe\AppData\Local\Temp\cc03p75Q.ltrans0.ltrans.o
 .data._ZL13ADCPrescTable.lto_priv.0
                0x0000000000000000       0x14 C:\Users\ooe\AppData\Local\Temp\cc03p75Q.ltrans0.ltrans.o
 .data._ZL16APBAHBPrescTable.lto_priv.1
                0x0000000000000000       0x10 C:\Users\ooe\AppData\Local\Temp\cc03p75Q.ltrans0.ltrans.o
 .data._ZL13ADCPrescTable.lto_priv.1
                0x0000000000000000       0x14 C:\Users\ooe\AppData\Local\Temp\cc03p75Q.ltrans0.ltrans.o
 .data._ZL16APBAHBPrescTable.lto_priv.2
                0x0000000000000000       0x10 C:\Users\ooe\AppData\Local\Temp\cc03p75Q.ltrans0.ltrans.o
 .data._ZL13ADCPrescTable.lto_priv.2
                0x0000000000000000       0x14 C:\Users\ooe\AppData\Local\Temp\cc03p75Q.ltrans0.ltrans.o
 .data._ZL16APBAHBPrescTable.lto_priv.3
                0x0000000000000000       0x10 C:\Users\ooe\AppData\Local\Temp\cc03p75Q.ltrans0.ltrans.o
 .data._ZL13ADCPrescTable.lto_priv.3
                0x0000000000000000       0x14 C:\Users\ooe\AppData\Local\Temp\cc03p75Q.ltrans0.ltrans.o
 .data._ZL16APBAHBPrescTable.lto_priv.4
                0x0000000000000000       0x10 C:\Users\ooe\AppData\Local\Temp\cc03p75Q.ltrans0.ltrans.o
 .data._ZL13ADCPrescTable.lto_priv.4
                0x0000000000000000       0x14 C:\Users\ooe\AppData\Local\Temp\cc03p75Q.ltrans0.ltrans.o
 .comment       0x0000000000000000       0x32 C:\Users\ooe\AppData\Local\Temp\cc03p75Q.ltrans0.ltrans.o
 .comment       0x0000000000000000       0x32 C:\Users\ooe\AppData\Local\Temp\ccGZlJal.debug.temp.o
 .comment       0x0000000000000000       0x32 C:\Users\ooe\AppData\Local\Temp\ccCA8yt7.debug.temp.o
 .comment       0x0000000000000000       0x32 C:\Users\ooe\AppData\Local\Temp\ccCF1EyT.debug.temp.o
 .comment       0x0000000000000000       0x32 C:\Users\ooe\AppData\Local\Temp\ccklKfIF.debug.temp.o
 .comment       0x0000000000000000       0x32 C:\Users\ooe\AppData\Local\Temp\ccEqs6cs.debug.temp.o
 .comment       0x0000000000000000       0x32 C:\Users\ooe\AppData\Local\Temp\cc08jUMe.debug.temp.o
 .comment       0x0000000000000000       0x32 C:\Users\ooe\AppData\Local\Temp\ccwi5Ab1.debug.temp.o
 .comment       0x0000000000000000       0x32 C:\Users\ooe\AppData\Local\Temp\ccETQLEN.debug.temp.o
 .comment       0x0000000000000000       0x32 C:\Users\ooe\AppData\Local\Temp\ccomUAmz.debug.temp.o
 .text          0x0000000000000000        0x0 c:/users/ooe/.platformio/packages/toolchain-riscv/bin/../lib/gcc/riscv-wch-elf/12.2.0/../../../../riscv-wch-elf/lib/rv32ec_xw/ilp32e\libc_nano.a(lib_a-strcat.o)
 .data          0x0000000000000000        0x0 c:/users/ooe/.platformio/packages/toolchain-riscv/bin/../lib/gcc/riscv-wch-elf/12.2.0/../../../../riscv-wch-elf/lib/rv32ec_xw/ilp32e\libc_nano.a(lib_a-strcat.o)
 .bss           0x0000000000000000        0x0 c:/users/ooe/.platformio/packages/toolchain-riscv/bin/../lib/gcc/riscv-wch-elf/12.2.0/../../../../riscv-wch-elf/lib/rv32ec_xw/ilp32e\libc_nano.a(lib_a-strcat.o)
 .comment       0x0000000000000000       0x32 c:/users/ooe/.platformio/packages/toolchain-riscv/bin/../lib/gcc/riscv-wch-elf/12.2.0/../../../../riscv-wch-elf/lib/rv32ec_xw/ilp32e\libc_nano.a(lib_a-strcat.o)
 .data          0x0000000000000000        0x0 C:\Users\ooe\.platformio\packages\framework-ch32v003fun\misc\libgcc.a(gedf2.o)
 .bss           0x0000000000000000        0x0 C:\Users\ooe\.platformio\packages\framework-ch32v003fun\misc\libgcc.a(gedf2.o)
 .comment       0x0000000000000000       0x1c C:\Users\ooe\.platformio\packages\framework-ch32v003fun\misc\libgcc.a(gedf2.o)
 .data          0x0000000000000000        0x0 C:\Users\ooe\.platformio\packages\framework-ch32v003fun\misc\libgcc.a(ledf2.o)
 .bss           0x0000000000000000        0x0 C:\Users\ooe\.platformio\packages\framework-ch32v003fun\misc\libgcc.a(ledf2.o)
 .comment       0x0000000000000000       0x1c C:\Users\ooe\.platformio\packages\framework-ch32v003fun\misc\libgcc.a(ledf2.o)
 .data          0x0000000000000000        0x0 C:\Users\ooe\.platformio\packages\framework-ch32v003fun\misc\libgcc.a(muldf3.o)
 .bss           0x0000000000000000        0x0 C:\Users\ooe\.platformio\packages\framework-ch32v003fun\misc\libgcc.a(muldf3.o)
 .comment       0x0000000000000000       0x1c C:\Users\ooe\.platformio\packages\framework-ch32v003fun\misc\libgcc.a(muldf3.o)
 .data          0x0000000000000000        0x0 C:\Users\ooe\.platformio\packages\framework-ch32v003fun\misc\libgcc.a(floatsidf.o)
 .bss           0x0000000000000000        0x0 C:\Users\ooe\.platformio\packages\framework-ch32v003fun\misc\libgcc.a(floatsidf.o)
 .comment       0x0000000000000000       0x1c C:\Users\ooe\.platformio\packages\framework-ch32v003fun\misc\libgcc.a(floatsidf.o)
 .data          0x0000000000000000        0x0 C:\Users\ooe\.platformio\packages\framework-ch32v003fun\misc\libgcc.a(floatunsidf.o)
 .bss           0x0000000000000000        0x0 C:\Users\ooe\.platformio\packages\framework-ch32v003fun\misc\libgcc.a(floatunsidf.o)
 .comment       0x0000000000000000       0x1c C:\Users\ooe\.platformio\packages\framework-ch32v003fun\misc\libgcc.a(floatunsidf.o)
 .data          0x0000000000000000        0x0 C:\Users\ooe\.platformio\packages\framework-ch32v003fun\misc\libgcc.a(save-restore.o)
 .bss           0x0000000000000000        0x0 C:\Users\ooe\.platformio\packages\framework-ch32v003fun\misc\libgcc.a(save-restore.o)
 .eh_frame      0x0000000000000000       0x68 C:\Users\ooe\.platformio\packages\framework-ch32v003fun\misc\libgcc.a(save-restore.o)
 .data          0x0000000000000000        0x0 C:\Users\ooe\.platformio\packages\framework-ch32v003fun\misc\libgcc.a(muldi3.o)
 .bss           0x0000000000000000        0x0 C:\Users\ooe\.platformio\packages\framework-ch32v003fun\misc\libgcc.a(muldi3.o)
 .data          0x0000000000000000        0x0 C:\Users\ooe\.platformio\packages\framework-ch32v003fun\misc\libgcc.a(div.o)
 .bss           0x0000000000000000        0x0 C:\Users\ooe\.platformio\packages\framework-ch32v003fun\misc\libgcc.a(div.o)
 .data          0x0000000000000000        0x0 C:\Users\ooe\.platformio\packages\framework-ch32v003fun\misc\libgcc.a(_clzsi2.o)
 .bss           0x0000000000000000        0x0 C:\Users\ooe\.platformio\packages\framework-ch32v003fun\misc\libgcc.a(_clzsi2.o)
 .comment       0x0000000000000000       0x1c C:\Users\ooe\.platformio\packages\framework-ch32v003fun\misc\libgcc.a(_clzsi2.o)
 .text          0x0000000000000000        0x0 C:\Users\ooe\.platformio\packages\framework-ch32v003fun\misc\libgcc.a(_clz.o)
 .data          0x0000000000000000        0x0 C:\Users\ooe\.platformio\packages\framework-ch32v003fun\misc\libgcc.a(_clz.o)
 .bss           0x0000000000000000        0x0 C:\Users\ooe\.platformio\packages\framework-ch32v003fun\misc\libgcc.a(_clz.o)
 .comment       0x0000000000000000       0x1c C:\Users\ooe\.platformio\packages\framework-ch32v003fun\misc\libgcc.a(_clz.o)

Memory Configuration

Name             Origin             Length             Attributes
FLASH            0x0000000000000000 0x0000000000004000 xr
RAM              0x0000000020000000 0x0000000000000800 xrw
*default*        0x0000000000000000 0xffffffffffffffff

Linker script and memory map

LOAD .pio\build\ch32v003f4p6_evt_r0\FrameworkCh32v003fun\ch32fun.o
LOAD C:\Users\ooe\AppData\Local\Temp\cc03p75Q.ltrans0.ltrans.o
LOAD C:\Users\ooe\AppData\Local\Temp\ccGZlJal.debug.temp.o
LOAD C:\Users\ooe\AppData\Local\Temp\ccCA8yt7.debug.temp.o
LOAD C:\Users\ooe\AppData\Local\Temp\ccCF1EyT.debug.temp.o
LOAD C:\Users\ooe\AppData\Local\Temp\ccklKfIF.debug.temp.o
LOAD C:\Users\ooe\AppData\Local\Temp\ccEqs6cs.debug.temp.o
LOAD C:\Users\ooe\AppData\Local\Temp\cc08jUMe.debug.temp.o
LOAD C:\Users\ooe\AppData\Local\Temp\ccwi5Ab1.debug.temp.o
LOAD C:\Users\ooe\AppData\Local\Temp\ccETQLEN.debug.temp.o
LOAD C:\Users\ooe\AppData\Local\Temp\ccomUAmz.debug.temp.o
LOAD .pio\build\ch32v003f4p6_evt_r0\src\common.o
LOAD .pio\build\ch32v003f4p6_evt_r0\src\cw_decoder.o
LOAD .pio\build\ch32v003f4p6_evt_r0\src\docode.o
LOAD .pio\build\ch32v003f4p6_evt_r0\src\frequencyDetector.o
LOAD .pio\build\ch32v003f4p6_evt_r0\src\main.o
START GROUP
LOAD .pio\build\ch32v003f4p6_evt_r0\libcaf\libgoertzel.a
LOAD .pio\build\ch32v003f4p6_evt_r0\lib572\libst7739.a
LOAD .pio\build\ch32v003f4p6_evt_r0\libfd8\libfix_fft.a
LOAD c:/users/ooe/.platformio/packages/toolchain-riscv/bin/../lib/gcc/riscv-wch-elf/12.2.0/../../../../riscv-wch-elf/lib/rv32ec_xw/ilp32e\libc_nano.a
LOAD c:/users/ooe/.platformio/packages/toolchain-riscv/bin/../lib/gcc/riscv-wch-elf/12.2.0/../../../../riscv-wch-elf/lib/rv32ec_xw/ilp32e\libm_nano.a
LOAD C:\Users\ooe\.platformio\packages\framework-ch32v003fun\misc\libgcc.a
END GROUP

.init           0x0000000000000000       0xa0
                0x0000000000000000                _sinit = .
                0x0000000000000000                . = ALIGN (0x4)
 *(SORT_NONE(.init))
 .init          0x0000000000000000       0x9e C:\Users\ooe\AppData\Local\Temp\cc03p75Q.ltrans0.ltrans.o
                0x0000000000000000                InterruptVector
                0x0000000000000000                InterruptVectorDefault
                0x00000000000000a0                . = ALIGN (0x4)
 *fill*         0x000000000000009e        0x2 
                0x00000000000000a0                _einit = .

.text           0x00000000000000a0     0x3800
                0x00000000000000a0                . = ALIGN (0x4)
 *(.text)
 .text          0x00000000000000a0       0xca C:\Users\ooe\.platformio\packages\framework-ch32v003fun\misc\libgcc.a(gedf2.o)
                0x00000000000000a0                __gedf2
                0x00000000000000a0                __gtdf2
 .text          0x000000000000016a       0xca C:\Users\ooe\.platformio\packages\framework-ch32v003fun\misc\libgcc.a(ledf2.o)
                0x000000000000016a                __ledf2
                0x000000000000016a                __ltdf2
 .text          0x0000000000000234      0x4e6 C:\Users\ooe\.platformio\packages\framework-ch32v003fun\misc\libgcc.a(muldf3.o)
                0x0000000000000234                __muldf3
 .text          0x000000000000071a       0x66 C:\Users\ooe\.platformio\packages\framework-ch32v003fun\misc\libgcc.a(floatsidf.o)
                0x000000000000071a                __floatsidf
 .text          0x0000000000000780       0x4c C:\Users\ooe\.platformio\packages\framework-ch32v003fun\misc\libgcc.a(floatunsidf.o)
                0x0000000000000780                __floatunsidf
 .text          0x00000000000007cc       0x14 C:\Users\ooe\.platformio\packages\framework-ch32v003fun\misc\libgcc.a(save-restore.o)
                0x00000000000007cc                __riscv_save_1
                0x00000000000007cc                __riscv_save_2
                0x00000000000007cc                __riscv_save_0
                0x00000000000007d6                __riscv_restore_0
                0x00000000000007d6                __riscv_restore_1
                0x00000000000007d6                __riscv_restore_2
 .text          0x00000000000007e0       0x16 C:\Users\ooe\.platformio\packages\framework-ch32v003fun\misc\libgcc.a(muldi3.o)
                0x00000000000007e0                __mulsi3
 *fill*         0x00000000000007f6        0x2 
 .text          0x00000000000007f8       0x7e C:\Users\ooe\.platformio\packages\framework-ch32v003fun\misc\libgcc.a(div.o)
                0x00000000000007f8                __divsi3
                0x0000000000000800                __udivsi3
                0x0000000000000800                __hidden___udivsi3
                0x000000000000082c                __umodsi3
                0x0000000000000850                __modsi3
 .text          0x0000000000000876       0x3a C:\Users\ooe\.platformio\packages\framework-ch32v003fun\misc\libgcc.a(_clzsi2.o)
                0x0000000000000876                __clzsi2
 *(.text.*)
 .text.mini_pad
                0x00000000000008b0       0x92 C:\Users\ooe\AppData\Local\Temp\cc03p75Q.ltrans0.ltrans.o
 .text._puts    0x0000000000000942       0x3e C:\Users\ooe\AppData\Local\Temp\cc03p75Q.ltrans0.ltrans.o
 .text.DelaySysTick
                0x0000000000000980       0x16 C:\Users\ooe\AppData\Local\Temp\cc03p75Q.ltrans0.ltrans.o
 .text.mini_itoa.part.0
                0x0000000000000996       0xb2 C:\Users\ooe\AppData\Local\Temp\cc03p75Q.ltrans0.ltrans.o
 .text._Z11check_inputv
                0x0000000000000a48       0x2a C:\Users\ooe\AppData\Local\Temp\cc03p75Q.ltrans0.ltrans.o
 .text._Z8setSpeeds
                0x0000000000000a72       0x1a C:\Users\ooe\AppData\Local\Temp\cc03p75Q.ltrans0.ltrans.o
 .text._ZL8SPI_sendh
                0x0000000000000a8c       0x12 C:\Users\ooe\AppData\Local\Temp\cc03p75Q.ltrans0.ltrans.o
 .text._ZL15write_command_8h
                0x0000000000000a9e       0x12 C:\Users\ooe\AppData\Local\Temp\cc03p75Q.ltrans0.ltrans.o
 .text._ZL13write_data_16t
                0x0000000000000ab0       0x22 C:\Users\ooe\AppData\Local\Temp\cc03p75Q.ltrans0.ltrans.o
 .text._ZL14tft_set_windowtttt
                0x0000000000000ad2       0x34 C:\Users\ooe\AppData\Local\Temp\cc03p75Q.ltrans0.ltrans.o
 .text._Z14tft_draw_pixelttt
                0x0000000000000b06       0x3a C:\Users\ooe\AppData\Local\Temp\cc03p75Q.ltrans0.ltrans.o
 .text._ZL12SPI_send_DMAPKhtt.constprop.0
                0x0000000000000b40       0x42 C:\Users\ooe\AppData\Local\Temp\cc03p75Q.ltrans0.ltrans.o
 .text._Z14tft_print_charch
                0x0000000000000b82      0x11c C:\Users\ooe\AppData\Local\Temp\cc03p75Q.ltrans0.ltrans.o
 .text._ZL10printAsciis
                0x0000000000000c9e       0xde C:\Users\ooe\AppData\Local\Temp\cc03p75Q.ltrans0.ltrans.o
 .text._Z9tft_printPKch
                0x0000000000000d7c       0x2e C:\Users\ooe\AppData\Local\Temp\cc03p75Q.ltrans0.ltrans.o
 .text._ZL21_tft_draw_fast_v_linessst
                0x0000000000000daa       0x5e C:\Users\ooe\AppData\Local\Temp\cc03p75Q.ltrans0.ltrans.o
 .text._ZL21_tft_draw_fast_h_linessst
                0x0000000000000e08       0x60 C:\Users\ooe\AppData\Local\Temp\cc03p75Q.ltrans0.ltrans.o
 .text._Z13tft_draw_linesssst
                0x0000000000000e68      0x140 C:\Users\ooe\AppData\Local\Temp\cc03p75Q.ltrans0.ltrans.o
 .text._Z13tft_fill_rectttttt.constprop.0
                0x0000000000000fa8       0x7e C:\Users\ooe\AppData\Local\Temp\cc03p75Q.ltrans0.ltrans.o
 .text._ZL15GPIO_analogRead18GPIO_analog_inputs.constprop.0
                0x0000000000001026       0x3a C:\Users\ooe\AppData\Local\Temp\cc03p75Q.ltrans0.ltrans.o
 .text._ZL11decodeAsciis.isra.0
                0x0000000000001060       0x6c C:\Users\ooe\AppData\Local\Temp\cc03p75Q.ltrans0.ltrans.o
 .text.handle_reset
                0x00000000000010cc       0x72 C:\Users\ooe\AppData\Local\Temp\cc03p75Q.ltrans0.ltrans.o
                0x00000000000010cc                handle_reset
 .text.vector_handler
                0x000000000000113e       0x36 C:\Users\ooe\AppData\Local\Temp\cc03p75Q.ltrans0.ltrans.o
                0x000000000000113e                NMI_RCC_CSS_IRQHandler
                0x000000000000113e                NMI_Handler
                0x000000000000114c                TIM8_CC_IRQHandler
                0x000000000000114c                UART8_IRQHandler
                0x000000000000114c                NFC_IRQHandler
                0x000000000000114c                TIM1_CC_IRQHandler
                0x000000000000114c                HardFault_Handler
                0x000000000000114c                GPIOB_IRQHandler
                0x000000000000114c                TIM8_TRG_COM_IRQHandler
                0x000000000000114c                TIM6_IRQHandler
                0x000000000000114c                GPIOA_IRQHandler
                0x000000000000114c                SysTick_Handler
                0x000000000000114c                PVD_IRQHandler
                0x000000000000114c                SDIO_IRQHandler
                0x000000000000114c                TIM9_BRK_IRQHandler
                0x000000000000114c                DMA2_Channel8_IRQHandler
                0x000000000000114c                USBPD_IRQHandler
                0x000000000000114c                CAN2_RX1_IRQHandler
                0x000000000000114c                EXTI3_IRQHandler
                0x000000000000114c                UART1_IRQHandler
                0x000000000000114c                USBHS_IRQHandler
                0x000000000000114c                DMA2_Channel9_IRQHandler
                0x000000000000114c                TIM10_CC_IRQHandler
                0x000000000000114c                EXTI25_16_IRQHandler
                0x000000000000114c                USBFS_IRQHandler
                0x000000000000114c                UART0_IRQHandler
                0x000000000000114c                EXTI0_IRQHandler
                0x000000000000114c                I2C2_EV_IRQHandler
                0x000000000000114c                TIM10_TRG_COM_IRQHandler
                0x000000000000114c                CAN2_SCE_IRQHandler
                0x000000000000114c                ADC1_2_IRQHandler
                0x000000000000114c                BB_IRQHandler
                0x000000000000114c                Break_Point_Handler
                0x000000000000114c                TIM2_CC_IRQHandler
                0x000000000000114c                SPI1_IRQHandler
                0x000000000000114c                TAMPER_IRQHandler
                0x000000000000114c                TMR0_IRQHandler
                0x000000000000114c                AWU_IRQHandler
                0x000000000000114c                EXTI7_0_IRQHandler
                0x000000000000114c                CAN2_RX0_IRQHandler
                0x000000000000114c                OSCWakeUp_IRQHandler
                0x000000000000114c                TIM8_UP_IRQHandler
                0x000000000000114c                Ecall_M_Mode_Handler
                0x000000000000114c                DMA2_Channel2_IRQHandler
                0x000000000000114c                DMA1_Channel4_IRQHandler
                0x000000000000114c                ADC1_IRQHandler
                0x000000000000114c                TIM2_BRK_IRQHandler
                0x000000000000114c                TIM9_UP_IRQHandler
                0x000000000000114c                USART3_IRQHandler
                0x000000000000114c                RTC_IRQHandler
                0x000000000000114c                DMA1_Channel7_IRQHandler
                0x000000000000114c                LED_IRQHandler
                0x000000000000114c                CAN1_RX1_IRQHandler
                0x000000000000114c                DVP_IRQHandler
                0x000000000000114c                UART5_IRQHandler
                0x000000000000114c                EXTI15_8_IRQHandler
                0x000000000000114c                TIM4_IRQHandler
                0x000000000000114c                DMA2_Channel1_IRQHandler
                0x000000000000114c                USBPD_WKUP_IRQHandler
                0x000000000000114c                I2C1_EV_IRQHandler
                0x000000000000114c                UART2_IRQHandler
                0x000000000000114c                USART4_IRQHandler
                0x000000000000114c                PWMX_IRQHandler
                0x000000000000114c                DMA1_Channel6_IRQHandler
                0x000000000000114c                UART4_IRQHandler
                0x000000000000114c                DMA2_Channel4_IRQHandler
                0x000000000000114c                TIM3_IRQHandler
                0x000000000000114c                RCC_IRQHandler
                0x000000000000114c                TIM1_TRG_COM_IRQHandler
                0x000000000000114c                DMA1_Channel1_IRQHandler
                0x000000000000114c                DMA2_Channel7_IRQHandler
                0x000000000000114c                EXTI15_10_IRQHandler
                0x000000000000114c                ADC_IRQHandler
                0x000000000000114c                DMA1_Channel8_IRQHandler
                0x000000000000114c                TMR2_IRQHandler
                0x000000000000114c                DefaultIRQHandler
                0x000000000000114c                TIM7_IRQHandler
                0x000000000000114c                CAN2_TX_IRQHandler
                0x000000000000114c                TIM5_IRQHandler
                0x000000000000114c                EXTI2_IRQHandler
                0x000000000000114c                USB_IRQHandler
                0x000000000000114c                EXTI9_5_IRQHandler
                0x000000000000114c                PIOC_IRQHandler
                0x000000000000114c                SPI2_IRQHandler
                0x000000000000114c                OSC32KCal_IRQHandler
                0x000000000000114c                I2C_IRQHandler
                0x000000000000114c                TIM10_BRK_IRQHandler
                0x000000000000114c                TIM9_CC_IRQHandler
                0x000000000000114c                DMA2_Channel5_IRQHandler
                0x000000000000114c                USB2_IRQHandler
                0x000000000000114c                USBHSWakeUp_IRQHandler
                0x000000000000114c                DMA1_Channel5_IRQHandler
                0x000000000000114c                EXTI4_IRQHandler
                0x000000000000114c                USB_LP_CAN1_RX0_IRQHandler
                0x000000000000114c                RNG_IRQHandler
                0x000000000000114c                USB_HP_CAN1_TX_IRQHandler
                0x000000000000114c                LLE_IRQHandler
                0x000000000000114c                DMA1_Channel3_IRQHandler
                0x000000000000114c                FSMC_IRQHandler
                0x000000000000114c                ETH_IRQHandler
                0x000000000000114c                TIM1_UP_IRQHandler
                0x000000000000114c                WWDG_IRQHandler
                0x000000000000114c                DMA2_Channel11_IRQHandler
                0x000000000000114c                WDOG_BAT_IRQHandler
                0x000000000000114c                Ecall_U_Mode_Handler
                0x000000000000114c                TMR3_IRQHandler
                0x000000000000114c                DMA2_Channel6_IRQHandler
                0x000000000000114c                TIM2_IRQHandler
                0x000000000000114c                SW_Handler
                0x000000000000114c                TIM1_BRK_IRQHandler
                0x000000000000114c                OPA_IRQHandler
                0x000000000000114c                DMA2_Channel10_IRQHandler
                0x000000000000114c                EXTI1_IRQHandler
                0x000000000000114c                SPI0_IRQHandler
                0x000000000000114c                USB2_HOST_IRQHandler
                0x000000000000114c                RTCAlarm_IRQHandler
                0x000000000000114c                TIM10_UP_IRQHandler
                0x000000000000114c                TIM9_TRG_COM_IRQHandler
                0x000000000000114c                UART7_IRQHandler
                0x000000000000114c                USART2_IRQHandler
                0x000000000000114c                UART6_IRQHandler
                0x000000000000114c                ETHWakeUp_IRQHandler
                0x000000000000114c                I2C2_ER_IRQHandler
                0x000000000000114c                DMA1_Channel2_IRQHandler
                0x000000000000114c                TIM8_BRK_IRQHandler
                0x000000000000114c                TIM2_TRG_IRQHandler
                0x000000000000114c                CAN1_SCE_IRQHandler
                0x000000000000114c                FLASH_IRQHandler
                0x000000000000114c                USBFSWakeUp_IRQHandler
                0x000000000000114c                USART1_IRQHandler
                0x000000000000114c                OTG_FS_IRQHandler
                0x000000000000114c                SPI3_IRQHandler
                0x000000000000114c                USBFS_WakeUp_IRQHandler
                0x000000000000114c                UART3_IRQHandler
                0x000000000000114c                I2C1_ER_IRQHandler
                0x000000000000114c                USB2_DEVICE_IRQHandler
                0x000000000000114c                TMR1_IRQHandler
                0x000000000000114c                USBWakeUp_IRQHandler
                0x000000000000114c                DMA2_Channel3_IRQHandler
 .text.strlen   0x0000000000001174       0x12 C:\Users\ooe\AppData\Local\Temp\cc03p75Q.ltrans0.ltrans.o
                0x0000000000001174                strlen
 .text.mini_vpprintf
                0x0000000000001186      0x1ca C:\Users\ooe\AppData\Local\Temp\cc03p75Q.ltrans0.ltrans.o
 .text.mini_vsnprintf
                0x0000000000001350       0x38 C:\Users\ooe\AppData\Local\Temp\cc03p75Q.ltrans0.ltrans.o
 .text.mini_snprintf
                0x0000000000001388       0x16 C:\Users\ooe\AppData\Local\Temp\cc03p75Q.ltrans0.ltrans.o
 .text._ZL17updateinfolinelcdv
                0x000000000000139e       0x7e C:\Users\ooe\AppData\Local\Temp\cc03p75Q.ltrans0.ltrans.o
 .text.memset   0x000000000000141c       0x10 C:\Users\ooe\AppData\Local\Temp\cc03p75Q.ltrans0.ltrans.o
                0x000000000000141c                memset
 .text.strcpy   0x000000000000142c       0x12 C:\Users\ooe\AppData\Local\Temp\cc03p75Q.ltrans0.ltrans.o
                0x000000000000142c                strcpy
 .text.strcmp   0x000000000000143e       0x22 C:\Users\ooe\AppData\Local\Temp\cc03p75Q.ltrans0.ltrans.o
                0x000000000000143e                strcmp
 .text._Z6docodePcS_.constprop.0
                0x0000000000001460      0xa30 C:\Users\ooe\AppData\Local\Temp\cc03p75Q.ltrans0.ltrans.o
 .text.putchar  0x0000000000001e90       0x1a C:\Users\ooe\AppData\Local\Temp\cc03p75Q.ltrans0.ltrans.o
                0x0000000000001e90                putchar
 .text.PrintHex
                0x0000000000001eaa       0x3e C:\Users\ooe\AppData\Local\Temp\cc03p75Q.ltrans0.ltrans.o
 .text.SystemInit
                0x0000000000001ee8       0x92 C:\Users\ooe\AppData\Local\Temp\cc03p75Q.ltrans0.ltrans.o
                0x0000000000001ee8                SystemInit
 .text.startup.main
                0x0000000000001f7a      0xce8 C:\Users\ooe\AppData\Local\Temp\cc03p75Q.ltrans0.ltrans.o
                0x0000000000001f7a                main
 .text.strcat   0x0000000000002c62       0x18 c:/users/ooe/.platformio/packages/toolchain-riscv/bin/../lib/gcc/riscv-wch-elf/12.2.0/../../../../riscv-wch-elf/lib/rv32ec_xw/ilp32e\libc_nano.a(lib_a-strcat.o)
                0x0000000000002c62                strcat
 *(.rodata)
 *fill*         0x0000000000002c7a        0x2 
 .rodata        0x0000000000002c7c      0x100 C:\Users\ooe\.platformio\packages\framework-ch32v003fun\misc\libgcc.a(_clz.o)
                0x0000000000002c7c                __clz_tab
 *(.rodata*)
 .rodata._ZL17updateinfolinelcdv.str1.4
                0x0000000000002d7c       0x14 C:\Users\ooe\AppData\Local\Temp\cc03p75Q.ltrans0.ltrans.o
 .rodata._Z6docodePcS_.constprop.0.str1.4
                0x0000000000002d90      0x1f3 C:\Users\ooe\AppData\Local\Temp\cc03p75Q.ltrans0.ltrans.o
                                        0x20f (size before relaxing)
 *fill*         0x0000000000002f83        0x1 
 .rodata.main.str1.4
                0x0000000000002f84       0x2b C:\Users\ooe\AppData\Local\Temp\cc03p75Q.ltrans0.ltrans.o
 *fill*         0x0000000000002faf        0x1 
 .rodata._ZL5fontk
                0x0000000000002fb0      0x800 C:\Users\ooe\AppData\Local\Temp\cc03p75Q.ltrans0.ltrans.o
 .rodata._ZL8Sinewave
                0x00000000000037b0       0xc0 C:\Users\ooe\AppData\Local\Temp\cc03p75Q.ltrans0.ltrans.o
 .rodata.str1.4
                0x0000000000003870       0x15 C:\Users\ooe\AppData\Local\Temp\cc03p75Q.ltrans0.ltrans.o
 *fill*         0x0000000000003885        0x3 
 .rodata._ZL4tone
                0x0000000000003888        0xc C:\Users\ooe\AppData\Local\Temp\cc03p75Q.ltrans0.ltrans.o
 *fill*         0x0000000000003894        0x4 
 .rodata.cst8   0x0000000000003898        0x8 C:\Users\ooe\AppData\Local\Temp\cc03p75Q.ltrans0.ltrans.o
 *(.gnu.linkonce.t.*)
                0x00000000000038a0                . = ALIGN (0x4)

.rela.dyn       0x00000000000038a0        0x0
 .rela.text.handle_reset
                0x00000000000038a0        0x0 C:\Users\ooe\AppData\Local\Temp\cc03p75Q.ltrans0.ltrans.o

.fini           0x00000000000038a0        0x0
 *(SORT_NONE(.fini))
                0x00000000000038a0                . = ALIGN (0x4)
                [!provide]                        PROVIDE (_etext = .)
                [!provide]                        PROVIDE (_eitcm = .)

.preinit_array  0x00000000000038a0        0x0
                [!provide]                        PROVIDE (__preinit_array_start = .)
 *(.preinit_array)
                [!provide]                        PROVIDE (__preinit_array_end = .)

.init_array     0x00000000000038a0        0x0
                [!provide]                        PROVIDE (__init_array_start = .)
 *(SORT_BY_INIT_PRIORITY(.init_array.*) SORT_BY_INIT_PRIORITY(.ctors.*))
 *(.init_array EXCLUDE_FILE(*crtend?.o *crtend.o *crtbegin?.o *crtbegin.o) .ctors)
                [!provide]                        PROVIDE (__init_array_end = .)

.fini_array     0x00000000000038a0        0x0
                [!provide]                        PROVIDE (__fini_array_start = .)
 *(SORT_BY_INIT_PRIORITY(.fini_array.*) SORT_BY_INIT_PRIORITY(.dtors.*))
 *(.fini_array EXCLUDE_FILE(*crtend?.o *crtend.o *crtbegin?.o *crtbegin.o) .dtors)
                [!provide]                        PROVIDE (__fini_array_end = .)

.ctors
 *crtbegin.o(.ctors)
 *crtbegin?.o(.ctors)
 *(EXCLUDE_FILE(*crtend?.o *crtend.o) .ctors)
 *(SORT_BY_NAME(.ctors.*))
 *(.ctors)

.dtors
 *crtbegin.o(.dtors)
 *crtbegin?.o(.dtors)
 *(EXCLUDE_FILE(*crtend?.o *crtend.o) .dtors)
 *(SORT_BY_NAME(.dtors.*))
 *(.dtors)

.dalign         0x0000000020000000        0x0 load address 0x00000000000038a0
                0x0000000020000000                . = ALIGN (0x4)
                0x0000000020000000                PROVIDE (_data_vma = .)

.dlalign        0x00000000000038a0        0x0
                0x00000000000038a0                . = ALIGN (0x4)
                0x00000000000038a0                PROVIDE (_data_lma = .)

.data           0x0000000020000000       0x68 load address 0x00000000000038a0
                0x0000000020000000                . = ALIGN (0x4)
                0x00000000200003fc                __global_pointer$ = (. + 0x3fc)
 *(.gnu.linkonce.r.*)
 *(.data .data.*)
 .data._ZL6title3.lto_priv.0
                0x0000000020000000        0xe C:\Users\ooe\AppData\Local\Temp\cc03p75Q.ltrans0.ltrans.o
 *fill*         0x000000002000000e        0x2 
 .data._ZL6title2.lto_priv.0
                0x0000000020000010        0xe C:\Users\ooe\AppData\Local\Temp\cc03p75Q.ltrans0.ltrans.o
 *fill*         0x000000002000001e        0x2 
 .data._ZL6title1.lto_priv.0
                0x0000000020000020        0xe C:\Users\ooe\AppData\Local\Temp\cc03p75Q.ltrans0.ltrans.o
 .data._ZL14magnitudelimit
                0x000000002000002e        0x2 C:\Users\ooe\AppData\Local\Temp\cc03p75Q.ltrans0.ltrans.o
 .data._ZL6title3.lto_priv.1
                0x0000000020000030        0xd C:\Users\ooe\AppData\Local\Temp\cc03p75Q.ltrans0.ltrans.o
 *fill*         0x000000002000003d        0x3 
 .data._ZL6title2.lto_priv.1
                0x0000000020000040        0xe C:\Users\ooe\AppData\Local\Temp\cc03p75Q.ltrans0.ltrans.o
 *fill*         0x000000002000004e        0x2 
 .data._ZL6title1.lto_priv.1
                0x0000000020000050        0xe C:\Users\ooe\AppData\Local\Temp\cc03p75Q.ltrans0.ltrans.o
 .data._ZL6_color
                0x000000002000005e        0x2 C:\Users\ooe\AppData\Local\Temp\cc03p75Q.ltrans0.ltrans.o
 .data._ZL5speed
                0x0000000020000060        0x2 C:\Users\ooe\AppData\Local\Temp\cc03p75Q.ltrans0.ltrans.o
 *(.gnu.linkonce.d.*)
                0x0000000020000068                . = ALIGN (0x8)
 *fill*         0x0000000020000062        0x6 
 *(.sdata .sdata.*)
 *(.sdata2*)
 *(.gnu.linkonce.s.*)
                0x0000000020000068                . = ALIGN (0x8)
 *(.srodata.cst16)
 *(.srodata.cst8)
 *(.srodata.cst4)
 *(.srodata.cst2)
 *(.srodata .srodata.*)
                0x0000000020000068                . = ALIGN (0x4)
                0x0000000020000068                PROVIDE (_edata = .)

.bss            0x0000000020000068      0x378 load address 0x0000000000003908
                0x0000000020000068                . = ALIGN (0x4)
                0x0000000020000068                PROVIDE (_sbss = .)
 *(.sbss*)
 *(.gnu.linkonce.sb.*)
 *(.bss*)
 .bss.lastChar  0x0000000020000068        0x1 C:\Users\ooe\AppData\Local\Temp\cc03p75Q.ltrans0.ltrans.o
 *fill*         0x0000000020000069        0x3 
 .bss._ZL7_buffer
                0x000000002000006c      0x200 C:\Users\ooe\AppData\Local\Temp\cc03p75Q.ltrans0.ltrans.o
 .bss._ZL8coeff100
                0x000000002000026c        0x2 C:\Users\ooe\AppData\Local\Temp\cc03p75Q.ltrans0.ltrans.o
 *fill*         0x000000002000026e        0x2 
 .bss._ZL2Q2    0x0000000020000270        0x4 C:\Users\ooe\AppData\Local\Temp\cc03p75Q.ltrans0.ltrans.o
 .bss._ZL2Q1    0x0000000020000274        0x4 C:\Users\ooe\AppData\Local\Temp\cc03p75Q.ltrans0.ltrans.o
 .bss._ZL4code  0x0000000020000278       0x14 C:\Users\ooe\AppData\Local\Temp\cc03p75Q.ltrans0.ltrans.o
 .bss._ZL4stop  0x000000002000028c        0x2 C:\Users\ooe\AppData\Local\Temp\cc03p75Q.ltrans0.ltrans.o
 *fill*         0x000000002000028e        0x2 
 .bss._ZL12hightimesavg
                0x0000000020000290        0x4 C:\Users\ooe\AppData\Local\Temp\cc03p75Q.ltrans0.ltrans.o
 .bss._ZL12highduration
                0x0000000020000294        0x4 C:\Users\ooe\AppData\Local\Temp\cc03p75Q.ltrans0.ltrans.o
 .bss._ZL11lowduration
                0x0000000020000298        0x4 C:\Users\ooe\AppData\Local\Temp\cc03p75Q.ltrans0.ltrans.o
 .bss._ZL13startttimelow
                0x000000002000029c        0x4 C:\Users\ooe\AppData\Local\Temp\cc03p75Q.ltrans0.ltrans.o
 .bss._ZL13starttimehigh
                0x00000000200002a0        0x4 C:\Users\ooe\AppData\Local\Temp\cc03p75Q.ltrans0.ltrans.o
 .bss._ZL19filteredstatebefore
                0x00000000200002a4        0x2 C:\Users\ooe\AppData\Local\Temp\cc03p75Q.ltrans0.ltrans.o
 .bss._ZL13filteredstate
                0x00000000200002a6        0x2 C:\Users\ooe\AppData\Local\Temp\cc03p75Q.ltrans0.ltrans.o
 .bss._ZL13laststarttime
                0x00000000200002a8        0x4 C:\Users\ooe\AppData\Local\Temp\cc03p75Q.ltrans0.ltrans.o
 .bss._ZL15realstatebefore
                0x00000000200002ac        0x2 C:\Users\ooe\AppData\Local\Temp\cc03p75Q.ltrans0.ltrans.o
 .bss._ZL9realstate
                0x00000000200002ae        0x2 C:\Users\ooe\AppData\Local\Temp\cc03p75Q.ltrans0.ltrans.o
 .bss.sampling_period_us
                0x00000000200002b0        0x2 C:\Users\ooe\AppData\Local\Temp\cc03p75Q.ltrans0.ltrans.o
 *fill*         0x00000000200002b2        0x2 
 .bss.buf       0x00000000200002b4      0x100 C:\Users\ooe\AppData\Local\Temp\cc03p75Q.ltrans0.ltrans.o
 .bss.line1     0x00000000200003b4        0xd C:\Users\ooe\AppData\Local\Temp\cc03p75Q.ltrans0.ltrans.o
 *fill*         0x00000000200003c1        0x3 
 .bss.line2     0x00000000200003c4        0xd C:\Users\ooe\AppData\Local\Temp\cc03p75Q.ltrans0.ltrans.o
 *fill*         0x00000000200003d1        0x3 
 .bss.lcdindex  0x00000000200003d4        0x4 C:\Users\ooe\AppData\Local\Temp\cc03p75Q.ltrans0.ltrans.o
 .bss._ZL9_cursor_y
                0x00000000200003d8        0x2 C:\Users\ooe\AppData\Local\Temp\cc03p75Q.ltrans0.ltrans.o
 .bss._ZL9_cursor_x
                0x00000000200003da        0x2 C:\Users\ooe\AppData\Local\Temp\cc03p75Q.ltrans0.ltrans.o
 .bss._ZL2sw    0x00000000200003dc        0x1 C:\Users\ooe\AppData\Local\Temp\cc03p75Q.ltrans0.ltrans.o
 *fill*         0x00000000200003dd        0x1 
 .bss._ZL3wpm   0x00000000200003de        0x2 C:\Users\ooe\AppData\Local\Temp\cc03p75Q.ltrans0.ltrans.o
 *(.gnu.linkonce.b.*)
 *(COMMON*)
                0x00000000200003e0                . = ALIGN (0x4)
                0x00000000200003e0                PROVIDE (_ebss = .)
                [!provide]                        PROVIDE (_end = _ebss)
                [!provide]                        PROVIDE (end = .)
                0x0000000020000800                PROVIDE (_eusrstack = (ORIGIN (RAM) + LENGTH (RAM)))

/DISCARD/
 *(.note .note.*)
 *(.eh_frame .eh_frame.*)
 *(.comment .comment.*)
 *(.ARM.extab* .gnu.linkonce.armextab.*)
 *(.ARM.exidx*)
OUTPUT(.pio\build\ch32v003f4p6_evt_r0\firmware.elf elf32-littleriscv)

.riscv.attributes
                0x0000000000000000       0x27
 .riscv.attributes
                0x0000000000000000       0x27 C:\Users\ooe\AppData\Local\Temp\cc03p75Q.ltrans0.ltrans.o
 .riscv.attributes
                0x0000000000000027       0x27 c:/users/ooe/.platformio/packages/toolchain-riscv/bin/../lib/gcc/riscv-wch-elf/12.2.0/../../../../riscv-wch-elf/lib/rv32ec_xw/ilp32e\libc_nano.a(lib_a-strcat.o)
 .riscv.attributes
                0x000000000000004e       0x21 C:\Users\ooe\.platformio\packages\framework-ch32v003fun\misc\libgcc.a(gedf2.o)
 .riscv.attributes
                0x000000000000006f       0x21 C:\Users\ooe\.platformio\packages\framework-ch32v003fun\misc\libgcc.a(ledf2.o)
 .riscv.attributes
                0x0000000000000090       0x21 C:\Users\ooe\.platformio\packages\framework-ch32v003fun\misc\libgcc.a(muldf3.o)
 .riscv.attributes
                0x00000000000000b1       0x21 C:\Users\ooe\.platformio\packages\framework-ch32v003fun\misc\libgcc.a(floatsidf.o)
 .riscv.attributes
                0x00000000000000d2       0x21 C:\Users\ooe\.platformio\packages\framework-ch32v003fun\misc\libgcc.a(floatunsidf.o)
 .riscv.attributes
                0x00000000000000f3       0x1f C:\Users\ooe\.platformio\packages\framework-ch32v003fun\misc\libgcc.a(save-restore.o)
 .riscv.attributes
                0x0000000000000112       0x1f C:\Users\ooe\.platformio\packages\framework-ch32v003fun\misc\libgcc.a(muldi3.o)
 .riscv.attributes
                0x0000000000000131       0x1f C:\Users\ooe\.platformio\packages\framework-ch32v003fun\misc\libgcc.a(div.o)
 .riscv.attributes
                0x0000000000000150       0x21 C:\Users\ooe\.platformio\packages\framework-ch32v003fun\misc\libgcc.a(_clzsi2.o)
 .riscv.attributes
                0x0000000000000171       0x21 C:\Users\ooe\.platformio\packages\framework-ch32v003fun\misc\libgcc.a(_clz.o)

.debug_info     0x0000000000000000     0xa51f
 .debug_info    0x0000000000000000     0x3a6a C:\Users\ooe\AppData\Local\Temp\cc03p75Q.ltrans0.ltrans.o
 .debug_info    0x0000000000003a6a     0x10ac C:\Users\ooe\AppData\Local\Temp\ccGZlJal.debug.temp.o
                0x0000000000003a6a                ch32fun.c.e31ec713
 .debug_info    0x0000000000004b16      0x475 C:\Users\ooe\AppData\Local\Temp\ccCA8yt7.debug.temp.o
                0x0000000000004b16                common.cpp.55e76776
 .debug_info    0x0000000000004f8b      0xfdd C:\Users\ooe\AppData\Local\Temp\ccCF1EyT.debug.temp.o
                0x0000000000004f8b                cw_decoder.cpp.aa792dfd
 .debug_info    0x0000000000005f68       0xe2 C:\Users\ooe\AppData\Local\Temp\ccklKfIF.debug.temp.o
                0x0000000000005f68                docode.cpp.285e83b1
 .debug_info    0x000000000000604a      0xdb6 C:\Users\ooe\AppData\Local\Temp\ccEqs6cs.debug.temp.o
                0x000000000000604a                frequencyDetector.cpp.cecd9b72
 .debug_info    0x0000000000006e00      0x8f6 C:\Users\ooe\AppData\Local\Temp\cc08jUMe.debug.temp.o
                0x0000000000006e00                main.cpp.67f2eaae
 .debug_info    0x00000000000076f6      0xcc1 C:\Users\ooe\AppData\Local\Temp\ccwi5Ab1.debug.temp.o
                0x00000000000076f6                goertzel.cpp.f2979135
 .debug_info    0x00000000000083b7      0xa51 C:\Users\ooe\AppData\Local\Temp\ccETQLEN.debug.temp.o
                0x00000000000083b7                st7789.cpp.8d2919b0
 .debug_info    0x0000000000008e08      0x226 C:\Users\ooe\AppData\Local\Temp\ccomUAmz.debug.temp.o
                0x0000000000008e08                fix_fft.cpp.5eff4be4
 .debug_info    0x000000000000902e      0x220 C:\Users\ooe\.platformio\packages\framework-ch32v003fun\misc\libgcc.a(gedf2.o)
 .debug_info    0x000000000000924e      0x220 C:\Users\ooe\.platformio\packages\framework-ch32v003fun\misc\libgcc.a(ledf2.o)
 .debug_info    0x000000000000946e      0x8dc C:\Users\ooe\.platformio\packages\framework-ch32v003fun\misc\libgcc.a(muldf3.o)
 .debug_info    0x0000000000009d4a      0x268 C:\Users\ooe\.platformio\packages\framework-ch32v003fun\misc\libgcc.a(floatsidf.o)
 .debug_info    0x0000000000009fb2      0x25d C:\Users\ooe\.platformio\packages\framework-ch32v003fun\misc\libgcc.a(floatunsidf.o)
 .debug_info    0x000000000000a20f       0x68 C:\Users\ooe\.platformio\packages\framework-ch32v003fun\misc\libgcc.a(save-restore.o)
 .debug_info    0x000000000000a277       0x31 C:\Users\ooe\.platformio\packages\framework-ch32v003fun\misc\libgcc.a(muldi3.o)
 .debug_info    0x000000000000a2a8       0x5d C:\Users\ooe\.platformio\packages\framework-ch32v003fun\misc\libgcc.a(div.o)
 .debug_info    0x000000000000a305      0x142 C:\Users\ooe\.platformio\packages\framework-ch32v003fun\misc\libgcc.a(_clzsi2.o)
 .debug_info    0x000000000000a447       0xd8 C:\Users\ooe\.platformio\packages\framework-ch32v003fun\misc\libgcc.a(_clz.o)

.debug_abbrev   0x0000000000000000     0x1c8f
 .debug_abbrev  0x0000000000000000      0x1e2 C:\Users\ooe\AppData\Local\Temp\cc03p75Q.ltrans0.ltrans.o
 .debug_abbrev  0x00000000000001e2      0x279 C:\Users\ooe\AppData\Local\Temp\ccGZlJal.debug.temp.o
 .debug_abbrev  0x000000000000045b      0x155 C:\Users\ooe\AppData\Local\Temp\ccCA8yt7.debug.temp.o
 .debug_abbrev  0x00000000000005b0      0x380 C:\Users\ooe\AppData\Local\Temp\ccCF1EyT.debug.temp.o
 .debug_abbrev  0x0000000000000930       0x9a C:\Users\ooe\AppData\Local\Temp\ccklKfIF.debug.temp.o
 .debug_abbrev  0x00000000000009ca      0x317 C:\Users\ooe\AppData\Local\Temp\ccEqs6cs.debug.temp.o
 .debug_abbrev  0x0000000000000ce1      0x273 C:\Users\ooe\AppData\Local\Temp\cc08jUMe.debug.temp.o
 .debug_abbrev  0x0000000000000f54      0x189 C:\Users\ooe\AppData\Local\Temp\ccwi5Ab1.debug.temp.o
 .debug_abbrev  0x00000000000010dd      0x1eb C:\Users\ooe\AppData\Local\Temp\ccETQLEN.debug.temp.o
 .debug_abbrev  0x00000000000012c8       0xe0 C:\Users\ooe\AppData\Local\Temp\ccomUAmz.debug.temp.o
 .debug_abbrev  0x00000000000013a8      0x166 C:\Users\ooe\.platformio\packages\framework-ch32v003fun\misc\libgcc.a(gedf2.o)
 .debug_abbrev  0x000000000000150e      0x166 C:\Users\ooe\.platformio\packages\framework-ch32v003fun\misc\libgcc.a(ledf2.o)
 .debug_abbrev  0x0000000000001674      0x1a2 C:\Users\ooe\.platformio\packages\framework-ch32v003fun\misc\libgcc.a(muldf3.o)
 .debug_abbrev  0x0000000000001816      0x164 C:\Users\ooe\.platformio\packages\framework-ch32v003fun\misc\libgcc.a(floatsidf.o)
 .debug_abbrev  0x000000000000197a      0x163 C:\Users\ooe\.platformio\packages\framework-ch32v003fun\misc\libgcc.a(floatunsidf.o)
 .debug_abbrev  0x0000000000001add       0x28 C:\Users\ooe\.platformio\packages\framework-ch32v003fun\misc\libgcc.a(save-restore.o)
 .debug_abbrev  0x0000000000001b05       0x28 C:\Users\ooe\.platformio\packages\framework-ch32v003fun\misc\libgcc.a(muldi3.o)
 .debug_abbrev  0x0000000000001b2d       0x28 C:\Users\ooe\.platformio\packages\framework-ch32v003fun\misc\libgcc.a(div.o)
 .debug_abbrev  0x0000000000001b55       0xca C:\Users\ooe\.platformio\packages\framework-ch32v003fun\misc\libgcc.a(_clzsi2.o)
 .debug_abbrev  0x0000000000001c1f       0x70 C:\Users\ooe\.platformio\packages\framework-ch32v003fun\misc\libgcc.a(_clz.o)

.debug_loclists
                0x0000000000000000     0x45fa
 .debug_loclists
                0x0000000000000000     0x30ff C:\Users\ooe\AppData\Local\Temp\cc03p75Q.ltrans0.ltrans.o
 .debug_loclists
                0x00000000000030ff      0x1fa C:\Users\ooe\.platformio\packages\framework-ch32v003fun\misc\libgcc.a(gedf2.o)
 .debug_loclists
                0x00000000000032f9      0x1fa C:\Users\ooe\.platformio\packages\framework-ch32v003fun\misc\libgcc.a(ledf2.o)
 .debug_loclists
                0x00000000000034f3      0xe54 C:\Users\ooe\.platformio\packages\framework-ch32v003fun\misc\libgcc.a(muldf3.o)
 .debug_loclists
                0x0000000000004347      0x11a C:\Users\ooe\.platformio\packages\framework-ch32v003fun\misc\libgcc.a(floatsidf.o)
 .debug_loclists
                0x0000000000004461      0x137 C:\Users\ooe\.platformio\packages\framework-ch32v003fun\misc\libgcc.a(floatunsidf.o)
 .debug_loclists
                0x0000000000004598       0x62 C:\Users\ooe\.platformio\packages\framework-ch32v003fun\misc\libgcc.a(_clzsi2.o)

.debug_aranges  0x0000000000000000      0x320
 .debug_aranges
                0x0000000000000000      0x1e8 C:\Users\ooe\AppData\Local\Temp\cc03p75Q.ltrans0.ltrans.o
 .debug_aranges
                0x00000000000001e8       0x20 C:\Users\ooe\.platformio\packages\framework-ch32v003fun\misc\libgcc.a(gedf2.o)
 .debug_aranges
                0x0000000000000208       0x20 C:\Users\ooe\.platformio\packages\framework-ch32v003fun\misc\libgcc.a(ledf2.o)
 .debug_aranges
                0x0000000000000228       0x20 C:\Users\ooe\.platformio\packages\framework-ch32v003fun\misc\libgcc.a(muldf3.o)
 .debug_aranges
                0x0000000000000248       0x20 C:\Users\ooe\.platformio\packages\framework-ch32v003fun\misc\libgcc.a(floatsidf.o)
 .debug_aranges
                0x0000000000000268       0x20 C:\Users\ooe\.platformio\packages\framework-ch32v003fun\misc\libgcc.a(floatunsidf.o)
 .debug_aranges
                0x0000000000000288       0x20 C:\Users\ooe\.platformio\packages\framework-ch32v003fun\misc\libgcc.a(save-restore.o)
 .debug_aranges
                0x00000000000002a8       0x20 C:\Users\ooe\.platformio\packages\framework-ch32v003fun\misc\libgcc.a(muldi3.o)
 .debug_aranges
                0x00000000000002c8       0x20 C:\Users\ooe\.platformio\packages\framework-ch32v003fun\misc\libgcc.a(div.o)
 .debug_aranges
                0x00000000000002e8       0x20 C:\Users\ooe\.platformio\packages\framework-ch32v003fun\misc\libgcc.a(_clzsi2.o)
 .debug_aranges
                0x0000000000000308       0x18 C:\Users\ooe\.platformio\packages\framework-ch32v003fun\misc\libgcc.a(_clz.o)

.debug_rnglists
                0x0000000000000000      0xdbf
 .debug_rnglists
                0x0000000000000000      0x9c9 C:\Users\ooe\AppData\Local\Temp\cc03p75Q.ltrans0.ltrans.o
 .debug_rnglists
                0x00000000000009c9       0x7b C:\Users\ooe\.platformio\packages\framework-ch32v003fun\misc\libgcc.a(gedf2.o)
 .debug_rnglists
                0x0000000000000a44       0x7b C:\Users\ooe\.platformio\packages\framework-ch32v003fun\misc\libgcc.a(ledf2.o)
 .debug_rnglists
                0x0000000000000abf      0x20d C:\Users\ooe\.platformio\packages\framework-ch32v003fun\misc\libgcc.a(muldf3.o)
 .debug_rnglists
                0x0000000000000ccc       0x61 C:\Users\ooe\.platformio\packages\framework-ch32v003fun\misc\libgcc.a(floatsidf.o)
 .debug_rnglists
                0x0000000000000d2d       0x6a C:\Users\ooe\.platformio\packages\framework-ch32v003fun\misc\libgcc.a(floatunsidf.o)
 .debug_rnglists
                0x0000000000000d97       0x28 C:\Users\ooe\.platformio\packages\framework-ch32v003fun\misc\libgcc.a(_clzsi2.o)

.debug_line     0x0000000000000000     0x7aaf
 .debug_line    0x0000000000000000     0x5748 C:\Users\ooe\AppData\Local\Temp\cc03p75Q.ltrans0.ltrans.o
 .debug_line    0x0000000000005748       0x76 C:\Users\ooe\AppData\Local\Temp\ccGZlJal.debug.temp.o
 .debug_line    0x00000000000057be       0x63 C:\Users\ooe\AppData\Local\Temp\ccCA8yt7.debug.temp.o
 .debug_line    0x0000000000005821       0xb6 C:\Users\ooe\AppData\Local\Temp\ccCF1EyT.debug.temp.o
 .debug_line    0x00000000000058d7       0x55 C:\Users\ooe\AppData\Local\Temp\ccklKfIF.debug.temp.o
 .debug_line    0x000000000000592c       0xb1 C:\Users\ooe\AppData\Local\Temp\ccEqs6cs.debug.temp.o
 .debug_line    0x00000000000059dd       0xa4 C:\Users\ooe\AppData\Local\Temp\cc08jUMe.debug.temp.o
 .debug_line    0x0000000000005a81       0x84 C:\Users\ooe\AppData\Local\Temp\ccwi5Ab1.debug.temp.o
 .debug_line    0x0000000000005b05       0x5f C:\Users\ooe\AppData\Local\Temp\ccETQLEN.debug.temp.o
 .debug_line    0x0000000000005b64       0x4c C:\Users\ooe\AppData\Local\Temp\ccomUAmz.debug.temp.o
 .debug_line    0x0000000000005bb0      0x352 C:\Users\ooe\.platformio\packages\framework-ch32v003fun\misc\libgcc.a(gedf2.o)
 .debug_line    0x0000000000005f02      0x352 C:\Users\ooe\.platformio\packages\framework-ch32v003fun\misc\libgcc.a(ledf2.o)
 .debug_line    0x0000000000006254     0x109f C:\Users\ooe\.platformio\packages\framework-ch32v003fun\misc\libgcc.a(muldf3.o)
 .debug_line    0x00000000000072f3      0x223 C:\Users\ooe\.platformio\packages\framework-ch32v003fun\misc\libgcc.a(floatsidf.o)
 .debug_line    0x0000000000007516      0x241 C:\Users\ooe\.platformio\packages\framework-ch32v003fun\misc\libgcc.a(floatunsidf.o)
 .debug_line    0x0000000000007757       0x81 C:\Users\ooe\.platformio\packages\framework-ch32v003fun\misc\libgcc.a(save-restore.o)
 .debug_line    0x00000000000077d8       0x7a C:\Users\ooe\.platformio\packages\framework-ch32v003fun\misc\libgcc.a(muldi3.o)
 .debug_line    0x0000000000007852      0x153 C:\Users\ooe\.platformio\packages\framework-ch32v003fun\misc\libgcc.a(div.o)
 .debug_line    0x00000000000079a5       0xcb C:\Users\ooe\.platformio\packages\framework-ch32v003fun\misc\libgcc.a(_clzsi2.o)
 .debug_line    0x0000000000007a70       0x3f C:\Users\ooe\.platformio\packages\framework-ch32v003fun\misc\libgcc.a(_clz.o)

.debug_str      0x0000000000000000     0x1e97
 .debug_str     0x0000000000000000      0x169 C:\Users\ooe\AppData\Local\Temp\cc03p75Q.ltrans0.ltrans.o
                                        0x181 (size before relaxing)
 .debug_str     0x0000000000000169      0x5ec C:\Users\ooe\AppData\Local\Temp\ccGZlJal.debug.temp.o
                                        0x6ec (size before relaxing)
 .debug_str     0x0000000000000755      0x30f C:\Users\ooe\AppData\Local\Temp\ccCA8yt7.debug.temp.o
                                        0x5b1 (size before relaxing)
 .debug_str     0x0000000000000a64      0x4fe C:\Users\ooe\AppData\Local\Temp\ccCF1EyT.debug.temp.o
                                        0x989 (size before relaxing)
 .debug_str     0x0000000000000f62      0x1f5 C:\Users\ooe\AppData\Local\Temp\ccklKfIF.debug.temp.o
 .debug_str     0x0000000000000f62       0xb9 C:\Users\ooe\AppData\Local\Temp\ccEqs6cs.debug.temp.o
                                        0x7ed (size before relaxing)
 .debug_str     0x000000000000101b       0x16 C:\Users\ooe\AppData\Local\Temp\cc08jUMe.debug.temp.o
                                        0x4d5 (size before relaxing)
 .debug_str     0x0000000000001031      0x596 C:\Users\ooe\AppData\Local\Temp\ccwi5Ab1.debug.temp.o
                                        0x820 (size before relaxing)
 .debug_str     0x00000000000015c7      0x27b C:\Users\ooe\AppData\Local\Temp\ccETQLEN.debug.temp.o
                                        0x7fa (size before relaxing)
 .debug_str     0x0000000000001842       0x45 C:\Users\ooe\AppData\Local\Temp\ccomUAmz.debug.temp.o
                                        0x21e (size before relaxing)
 .debug_str     0x0000000000001887      0x158 C:\Users\ooe\.platformio\packages\framework-ch32v003fun\misc\libgcc.a(gedf2.o)
                                        0x1de (size before relaxing)
 .debug_str     0x00000000000019df        0x8 C:\Users\ooe\.platformio\packages\framework-ch32v003fun\misc\libgcc.a(ledf2.o)
                                        0x1de (size before relaxing)
 .debug_str     0x00000000000019e7      0x232 C:\Users\ooe\.platformio\packages\framework-ch32v003fun\misc\libgcc.a(muldf3.o)
                                        0x3ce (size before relaxing)
 .debug_str     0x0000000000001c19       0xb9 C:\Users\ooe\.platformio\packages\framework-ch32v003fun\misc\libgcc.a(floatsidf.o)
                                        0x252 (size before relaxing)
 .debug_str     0x0000000000001cd2      0x24d C:\Users\ooe\.platformio\packages\framework-ch32v003fun\misc\libgcc.a(floatunsidf.o)
 .debug_str     0x0000000000001cd2      0x10c C:\Users\ooe\.platformio\packages\framework-ch32v003fun\misc\libgcc.a(save-restore.o)
 .debug_str     0x0000000000001dde       0x2c C:\Users\ooe\.platformio\packages\framework-ch32v003fun\misc\libgcc.a(muldi3.o)
                                         0xac (size before relaxing)
 .debug_str     0x0000000000001e0a       0x45 C:\Users\ooe\.platformio\packages\framework-ch32v003fun\misc\libgcc.a(div.o)
                                         0xd9 (size before relaxing)
 .debug_str     0x0000000000001e4f       0x48 C:\Users\ooe\.platformio\packages\framework-ch32v003fun\misc\libgcc.a(_clzsi2.o)
                                        0x1b8 (size before relaxing)
 .debug_str     0x0000000000001e97      0x19b C:\Users\ooe\.platformio\packages\framework-ch32v003fun\misc\libgcc.a(_clz.o)

.debug_line_str
                0x0000000000000000      0x7fd
 .debug_line_str
                0x0000000000000000      0x17b C:\Users\ooe\AppData\Local\Temp\cc03p75Q.ltrans0.ltrans.o
                                        0x22c (size before relaxing)
 .debug_line_str
                0x000000000000017b      0x1d0 C:\Users\ooe\AppData\Local\Temp\ccGZlJal.debug.temp.o
                                        0x256 (size before relaxing)
 .debug_line_str
                0x000000000000034b       0x4f C:\Users\ooe\AppData\Local\Temp\ccCA8yt7.debug.temp.o
                                        0x1bb (size before relaxing)
 .debug_line_str
                0x000000000000039a      0x120 C:\Users\ooe\AppData\Local\Temp\ccCF1EyT.debug.temp.o
                                        0x3fb (size before relaxing)
 .debug_line_str
                0x00000000000004ba        0xf C:\Users\ooe\AppData\Local\Temp\ccklKfIF.debug.temp.o
                                        0x158 (size before relaxing)
 .debug_line_str
                0x00000000000004c9       0x24 C:\Users\ooe\AppData\Local\Temp\ccEqs6cs.debug.temp.o
                                        0x3fe (size before relaxing)
 .debug_line_str
                0x00000000000004ed       0x2e C:\Users\ooe\AppData\Local\Temp\cc08jUMe.debug.temp.o
                                        0x389 (size before relaxing)
 .debug_line_str
                0x000000000000051b       0xb4 C:\Users\ooe\AppData\Local\Temp\ccwi5Ab1.debug.temp.o
                                        0x2ef (size before relaxing)
 .debug_line_str
                0x00000000000005cf       0x22 C:\Users\ooe\AppData\Local\Temp\ccETQLEN.debug.temp.o
                                        0x178 (size before relaxing)
 .debug_line_str
                0x00000000000005f1       0x18 C:\Users\ooe\AppData\Local\Temp\ccomUAmz.debug.temp.o
                                        0x119 (size before relaxing)
 .debug_line_str
                0x0000000000000609       0xc6 C:\Users\ooe\.platformio\packages\framework-ch32v003fun\misc\libgcc.a(gedf2.o)
                                        0x13f (size before relaxing)
 .debug_line_str
                0x00000000000006cf       0x26 C:\Users\ooe\.platformio\packages\framework-ch32v003fun\misc\libgcc.a(ledf2.o)
                                        0x13f (size before relaxing)
 .debug_line_str
                0x00000000000006f5       0x31 C:\Users\ooe\.platformio\packages\framework-ch32v003fun\misc\libgcc.a(muldf3.o)
                                        0x13c (size before relaxing)
 .debug_line_str
                0x0000000000000726       0x2a C:\Users\ooe\.platformio\packages\framework-ch32v003fun\misc\libgcc.a(floatsidf.o)
                                        0x145 (size before relaxing)
 .debug_line_str
                0x0000000000000750       0x2c C:\Users\ooe\.platformio\packages\framework-ch32v003fun\misc\libgcc.a(floatunsidf.o)
                                        0x14b (size before relaxing)
 .debug_line_str
                0x000000000000077c       0x32 C:\Users\ooe\.platformio\packages\framework-ch32v003fun\misc\libgcc.a(save-restore.o)
                                         0x9b (size before relaxing)
 .debug_line_str
                0x00000000000007ae        0x9 C:\Users\ooe\.platformio\packages\framework-ch32v003fun\misc\libgcc.a(muldi3.o)
                                         0x95 (size before relaxing)
 .debug_line_str
                0x00000000000007b7        0x6 C:\Users\ooe\.platformio\packages\framework-ch32v003fun\misc\libgcc.a(div.o)
                                         0x92 (size before relaxing)
 .debug_line_str
                0x00000000000007bd       0x40 C:\Users\ooe\.platformio\packages\framework-ch32v003fun\misc\libgcc.a(_clzsi2.o)
                                        0x126 (size before relaxing)
 .debug_line_str
                0x00000000000007fd      0x126 C:\Users\ooe\.platformio\packages\framework-ch32v003fun\misc\libgcc.a(_clz.o)

.debug_frame    0x0000000000000000      0x710
 .debug_frame   0x0000000000000000      0x5e0 C:\Users\ooe\AppData\Local\Temp\cc03p75Q.ltrans0.ltrans.o
 .debug_frame   0x00000000000005e0       0x34 C:\Users\ooe\.platformio\packages\framework-ch32v003fun\misc\libgcc.a(gedf2.o)
 .debug_frame   0x0000000000000614       0x34 C:\Users\ooe\.platformio\packages\framework-ch32v003fun\misc\libgcc.a(ledf2.o)
 .debug_frame   0x0000000000000648       0x3c C:\Users\ooe\.platformio\packages\framework-ch32v003fun\misc\libgcc.a(muldf3.o)
 .debug_frame   0x0000000000000684       0x38 C:\Users\ooe\.platformio\packages\framework-ch32v003fun\misc\libgcc.a(floatsidf.o)
 .debug_frame   0x00000000000006bc       0x34 C:\Users\ooe\.platformio\packages\framework-ch32v003fun\misc\libgcc.a(floatunsidf.o)
 .debug_frame   0x00000000000006f0       0x20 C:\Users\ooe\.platformio\packages\framework-ch32v003fun\misc\libgcc.a(_clzsi2.o)
